
/home/runner/work/exp-measurement-of-alignment-using-autocollimator-iitkgp/exp-measurement-of-alignment-using-autocollimator-iitkgp/experiment/simulation/js/acm.js
    9:1   warning  '$' is not defined                            no-undef
   10:3   warning  '$' is not defined                            no-undef
   11:5   warning  '$' is not defined                            no-undef
   14:2   warning  '$' is not defined                            no-undef
   15:3   warning  '$' is not defined                            no-undef
   17:5   warning  '$' is not defined                            no-undef
   37:10  warning  'onoff' is defined but never used             no-unused-vars
   40:3   warning  '$' is not defined                            no-undef
   41:3   warning  '$' is not defined                            no-undef
   42:3   warning  '$' is not defined                            no-undef
   50:3   warning  '$' is not defined                            no-undef
   51:3   warning  '$' is not defined                            no-undef
   52:3   warning  '$' is not defined                            no-undef
   64:10  warning  'alertMirror' is defined but never used       no-unused-vars
   71:10  warning  'moveLeft' is defined but never used          no-unused-vars
   76:48  warning  'math' is not defined                         no-undef
   77:50  warning  'math' is not defined                         no-undef
   78:51  warning  'math' is not defined                         no-undef
   84:10  warning  'moveRight' is defined but never used         no-unused-vars
   89:48  warning  'math' is not defined                         no-undef
   90:50  warning  'math' is not defined                         no-undef
   91:51  warning  'math' is not defined                         no-undef
   99:10  warning  'secscaleRotation' is defined but never used  no-unused-vars
  101:16  warning  'math' is not defined                         no-undef
  110:65  warning  'math' is not defined                         no-undef
  116:10  warning  'simulation' is defined but never used        no-unused-vars
  403:10  warning  'calculate' is defined but never used         no-unused-vars
  448:14  warning  'math' is not defined                         no-undef
  448:23  warning  'math' is not defined                         no-undef
  461:10  warning  'CreateTable' is defined but never used       no-unused-vars
  465:14  warning  '$' is not defined                            no-undef
  466:14  warning  '$' is not defined                            no-undef
  467:11  warning  '$' is not defined                            no-undef
  468:11  warning  '$' is not defined                            no-undef
  469:11  warning  'math' is not defined                         no-undef
  470:11  warning  'math' is not defined                         no-undef
  474:2   warning  Mixed spaces and tabs                         no-mixed-spaces-and-tabs
  475:2   warning  Mixed spaces and tabs                         no-mixed-spaces-and-tabs
  475:4   warning  '$' is not defined                            no-undef
  478:7   warning  'math' is not defined                         no-undef
  478:16  warning  '$' is not defined                            no-undef
  480:3   warning  '$' is not defined                            no-undef
  489:1   warning  Mixed spaces and tabs                         no-mixed-spaces-and-tabs
  490:1   warning  Mixed spaces and tabs                         no-mixed-spaces-and-tabs
  490:3   warning  '$' is not defined                            no-undef
  493:6   warning  'math' is not defined                         no-undef
  493:15  warning  '$' is not defined                            no-undef
  495:2   warning  '$' is not defined                            no-undef
  498:11  warning  'math' is not defined                         no-undef
  498:40  warning  Unnecessary semicolon                         no-extra-semi
  521:10  warning  'plot1' is defined but never used             no-unused-vars
  572:1   warning  Mixed spaces and tabs                         no-mixed-spaces-and-tabs
  573:1   warning  Mixed spaces and tabs                         no-mixed-spaces-and-tabs
  586:1   warning  Mixed spaces and tabs                         no-mixed-spaces-and-tabs
  599:1   warning  'Plotly' is not defined                       no-undef
  603:10  warning  'plot2' is defined but never used             no-unused-vars
  654:1   warning  Mixed spaces and tabs                         no-mixed-spaces-and-tabs
  655:1   warning  Mixed spaces and tabs                         no-mixed-spaces-and-tabs
  668:1   warning  Mixed spaces and tabs                         no-mixed-spaces-and-tabs
  681:1   warning  'Plotly' is not defined                       no-undef
  691:10  warning  'Refresh' is defined but never used           no-unused-vars

✖ 61 problems (0 errors, 61 warnings)
  0 errors and 1 warning potentially fixable with the `--fix` option.

